// Jest Snapshot v1, https://goo.gl/fbAQLP

exports[`Jest Snapshot testing suite Matches DOM Snapshot 1`] = `
<div
  className="quote-container"
>
  <p>
    <span
      className="theQuote"
    >
      Mathematics is not about numbers equations, computations, or algorithms. It is about undersatanding.
    </span>
    <span
      className="theAuthor"
    >
      -William paul Thurston
    </span>
  </p>
</div>
`;
