// Jest Snapshot v1, https://goo.gl/fbAQLP

exports[`Jest Snapshot testing suite Matches DOM Snapshot 1`] = `
<div
  className="quote-container"
>
  <p>
    <span
      className="theQuote"
    >
      Mathematics is not about numbers equations, computations, or algorithms. It is about undersatanding.
    </span>
    <span
      className="theAuthor"
    >
      -William paul Thurston
    </span>
  </p>
</div>
`;

exports[`Jest Snapshot testing suite Matches DOM Snapshot 2`] = `
<div
  className="App container"
>
  <h2>
    Let´s do some math!
  </h2>
  <div
    className="app"
  >
    <div
      className="calculator"
    >
      <div
        className="display"
      >
        <span
          className="number display"
        >
          0
        </span>
      </div>
      <div
        className="operators"
      >
        <button
          onClick={[Function]}
          type="button"
        >
          AC
        </button>
        <button
          onClick={[Function]}
          type="button"
        >
          +/-
        </button>
        <button
          onClick={[Function]}
          type="button"
        >
          %
        </button>
        <button
          onClick={[Function]}
          type="button"
        >
          ÷
        </button>
      </div>
      <div
        className="numbers1"
      >
        <button
          onClick={[Function]}
          type="button"
        >
          7
        </button>
        <button
          onClick={[Function]}
          type="button"
        >
          8
        </button>
        <button
          onClick={[Function]}
          type="button"
        >
          9
        </button>
        <button
          onClick={[Function]}
          type="button"
        >
          x
        </button>
      </div>
      <div
        className="numbers2"
      >
        <button
          onClick={[Function]}
          type="button"
        >
          4
        </button>
        <button
          onClick={[Function]}
          type="button"
        >
          5
        </button>
        <button
          onClick={[Function]}
          type="button"
        >
          6
        </button>
        <button
          onClick={[Function]}
          type="button"
        >
          -
        </button>
      </div>
      <div
        className="numbers3"
      >
        <button
          onClick={[Function]}
          type="button"
        >
          1
        </button>
        <button
          onClick={[Function]}
          type="button"
        >
          2
        </button>
        <button
          onClick={[Function]}
          type="button"
        >
          3
        </button>
        <button
          onClick={[Function]}
          type="button"
        >
          +
        </button>
      </div>
      <div
        className="numbers4"
      >
        <button
          onClick={[Function]}
          type="button"
        >
          0
        </button>
        <button
          onClick={[Function]}
          type="button"
        >
          .
        </button>
        <button
          onClick={[Function]}
          type="button"
        >
          =
        </button>
      </div>
    </div>
  </div>
</div>
`;

exports[`Jest Snapshot testing suite Matches DOM Snapshot 3`] = `
<div
  className="App container"
>
  <h2>
    Let´s do some math!
  </h2>
  <div
    className="app"
  >
    <div
      className="calculator"
    >
      <div
        className="display"
      >
        <span
          className="number display"
        >
          0
        </span>
      </div>
      <div
        className="operators"
      >
        <button
          onClick={[Function]}
          type="button"
        >
          AC
        </button>
        <button
          onClick={[Function]}
          type="button"
        >
          +/-
        </button>
        <button
          onClick={[Function]}
          type="button"
        >
          %
        </button>
        <button
          onClick={[Function]}
          type="button"
        >
          ÷
        </button>
      </div>
      <div
        className="numbers1"
      >
        <button
          onClick={[Function]}
          type="button"
        >
          7
        </button>
        <button
          onClick={[Function]}
          type="button"
        >
          8
        </button>
        <button
          onClick={[Function]}
          type="button"
        >
          9
        </button>
        <button
          onClick={[Function]}
          type="button"
        >
          x
        </button>
      </div>
      <div
        className="numbers2"
      >
        <button
          onClick={[Function]}
          type="button"
        >
          4
        </button>
        <button
          onClick={[Function]}
          type="button"
        >
          5
        </button>
        <button
          onClick={[Function]}
          type="button"
        >
          6
        </button>
        <button
          onClick={[Function]}
          type="button"
        >
          -
        </button>
      </div>
      <div
        className="numbers3"
      >
        <button
          onClick={[Function]}
          type="button"
        >
          1
        </button>
        <button
          onClick={[Function]}
          type="button"
        >
          2
        </button>
        <button
          onClick={[Function]}
          type="button"
        >
          3
        </button>
        <button
          onClick={[Function]}
          type="button"
        >
          +
        </button>
      </div>
      <div
        className="numbers4"
      >
        <button
          onClick={[Function]}
          type="button"
        >
          0
        </button>
        <button
          onClick={[Function]}
          type="button"
        >
          .
        </button>
        <button
          onClick={[Function]}
          type="button"
        >
          =
        </button>
      </div>
    </div>
  </div>
</div>
`;
